I'm sorry, but errors were detected in your script. Please correct the
errors listed below, and try again.


File "game/script.rpy", line 348: expected statement.
    climbed_tree == False
                 ^

Ren'Py Version: Ren'Py 7.3.3.568
Wed Jan 29 20:28:57 2020
